 	GBL 	2
 14    2;  	GBL 	2
 	JMP 	L0:
 21   28;  	JMP 	L0:
L1: 	NOP 	
  0     ; L1: 	NOP 	
 	INC 	1
 12    1;  	INC 	1
 	LDL 	-4
 15   -4;  	LDL 	-4
 	LLA 	0
 19    0;  	LLA 	0
 	STI 	
  9     ;  	STI 	
L4: 	NOP 	
  0     ; L4: 	NOP 	
 	LDL 	-3
 15   -3;  	LDL 	-3
 	LLA 	-4
 19   -4;  	LLA 	-4
 	STI 	
  9     ;  	STI 	
L5: 	NOP 	
  0     ; L5: 	NOP 	
 	LDL 	0
 15    0;  	LDL 	0
 	LLA 	-3
 19   -3;  	LLA 	-3
 	STI 	
  9     ;  	STI 	
L3: 	DEC 	1
 13    1; L3: 	DEC 	1
L2: 	RET 	2
 25    2; L2: 	RET 	2
L0: 	NOP 	
  0     ; L0: 	NOP 	
 	RCV 	
  7     ;  	RCV 	
 	LGA 	0
 20    0;  	LGA 	0
 	STI 	
  9     ;  	STI 	
L7: 	NOP 	
  0     ; L7: 	NOP 	
 	RCV 	
  7     ;  	RCV 	
 	LGA 	1
 20    1;  	LGA 	1
 	STI 	
  9     ;  	STI 	
L8: 	NOP 	
  0     ; L8: 	NOP 	
 	INC 	1
 12    1;  	INC 	1
 	LDG 	0
 17    0;  	LDG 	0
 	LDG 	1
 17    1;  	LDG 	1
 	JSR 	L1:
 24    4;  	JSR 	L1:
L9: 	NOP 	
  0     ; L9: 	NOP 	
 	LDG 	0
 17    0;  	LDG 	0
 	SND 	
  6     ;  	SND 	
L10: 	NOP 	
  0     ; L10: 	NOP 	
 	LDG 	1
 17    1;  	LDG 	1
 	SND 	
  6     ;  	SND 	
L6: 	HLT 	
 10     ; L6: 	HLT 	
