 14  100;  	GBL 	100
 21  258;  	JMP 	L0:
  0     ; L1: 	NOP 	
 12    2;  	INC 	2
  7     ;  	RCV 	
 19    1;  	LLA 	1
  9     ;  	STI 	
  0     ; L4: 	NOP 	
 11    0;  	LDC 	0
 19    0;  	LLA 	0
  9     ;  	STI 	
  0     ; L5: 	NOP 	
  0     ; L7: 	NOP 	
 15    0;  	LDL 	0
 15    1;  	LDL 	1
  2     ;  	SUB 	
 22   50;  	JGZ 	L6:
 21   28;  	JMP 	L8:
  0     ; L8: 	NOP 	
  7     ;  	RCV 	
 15    0;  	LDL 	0
 11    1;  	LDC 	1
  3     ;  	MUL 	
 20    0;  	LGA 	0
  1     ;  	ADD 	
  9     ;  	STI 	
  0     ; L9: 	NOP 	
 15    0;  	LDL 	0
 11    1;  	LDC 	1
  1     ;  	ADD 	
 19    0;  	LLA 	0
  9     ;  	STI 	
 21   18;  	JMP 	L7:
  0     ; L6: 	NOP 	
 15    1;  	LDL 	1
 16   -3;  	STL 	-3
 21   59;  	JMP 	L2:
 13    2; L3: 	DEC 	2
 25    0; L2: 	RET 	0
  0     ; L10: 	NOP 	
 12    1;  	INC 	1
 15   -4;  	LDL 	-4
 11    1;  	LDC 	1
  3     ;  	MUL 	
 20    0;  	LGA 	0
  1     ;  	ADD 	
  8     ;  	LDI 	
 19    0;  	LLA 	0
  9     ;  	STI 	
  0     ; L13: 	NOP 	
 15   -3;  	LDL 	-3
 11    1;  	LDC 	1
  3     ;  	MUL 	
 20    0;  	LGA 	0
  1     ;  	ADD 	
  8     ;  	LDI 	
 15   -4;  	LDL 	-4
 11    1;  	LDC 	1
  3     ;  	MUL 	
 20    0;  	LGA 	0
  1     ;  	ADD 	
  9     ;  	STI 	
  0     ; L14: 	NOP 	
 15    0;  	LDL 	0
 15   -3;  	LDL 	-3
 11    1;  	LDC 	1
  3     ;  	MUL 	
 20    0;  	LGA 	0
  1     ;  	ADD 	
  9     ;  	STI 	
 13    1; L12: 	DEC 	1
 25    2; L11: 	RET 	2
  0     ; L15: 	NOP 	
 12    1;  	INC 	1
 11    0;  	LDC 	0
 19    0;  	LLA 	0
  9     ;  	STI 	
  0     ; L18: 	NOP 	
  0     ; L19: 	NOP 	
 15    0;  	LDL 	0
 15   -3;  	LDL 	-3
 11    1;  	LDC 	1
  2     ;  	SUB 	
  2     ;  	SUB 	
 22  211;  	JGZ 	L16:
 21  133;  	JMP 	L20:
  0     ; L20: 	NOP 	
 12    1;  	INC 	1
 15    0;  	LDL 	0
 19    1;  	LLA 	1
  9     ;  	STI 	
  0     ; L22: 	NOP 	
  0     ; L24: 	NOP 	
 15    1;  	LDL 	1
 15   -3;  	LDL 	-3
  2     ;  	SUB 	
 22  196;  	JGZ 	L23:
 21  152;  	JMP 	L25:
  0     ; L25: 	NOP 	
 15    1;  	LDL 	1
 11    1;  	LDC 	1
  3     ;  	MUL 	
 20    0;  	LGA 	0
  1     ;  	ADD 	
  8     ;  	LDI 	
 15    0;  	LDL 	0
 11    1;  	LDC 	1
  3     ;  	MUL 	
 20    0;  	LGA 	0
  1     ;  	ADD 	
  8     ;  	LDI 	
  2     ;  	SUB 	
 22  185;  	JGZ 	L26:
 21  176;  	JMP 	L27:
  0     ; L27: 	NOP 	
 12    1;  	INC 	1
 15    0;  	LDL 	0
 15    1;  	LDL 	1
 24   61;  	JSR 	L10:
  0     ; L26: 	NOP 	
 15    1;  	LDL 	1
 11    1;  	LDC 	1
  1     ;  	ADD 	
 19    1;  	LLA 	1
  9     ;  	STI 	
 21  142;  	JMP 	L24:
  0     ; L23: 	NOP 	
 15    0;  	LDL 	0
 11    1;  	LDC 	1
  1     ;  	ADD 	
 19    0;  	LLA 	0
  9     ;  	STI 	
 13    1; L21: 	DEC 	1
 21  120;  	JMP 	L19:
 13    1; L17: 	DEC 	1
 25    1; L16: 	RET 	1
  0     ; L28: 	NOP 	
 12    1;  	INC 	1
 11    0;  	LDC 	0
 19    0;  	LLA 	0
  9     ;  	STI 	
  0     ; L31: 	NOP 	
  0     ; L32: 	NOP 	
 15    0;  	LDL 	0
 15   -3;  	LDL 	-3
  2     ;  	SUB 	
 22  256;  	JGZ 	L29:
 21  232;  	JMP 	L33:
  0     ; L33: 	NOP 	
 15    0;  	LDL 	0
 11    1;  	LDC 	1
  3     ;  	MUL 	
 20    0;  	LGA 	0
  1     ;  	ADD 	
  8     ;  	LDI 	
  6     ;  	SND 	
  0     ; L34: 	NOP 	
 15    0;  	LDL 	0
 11    1;  	LDC 	1
  1     ;  	ADD 	
 19    0;  	LLA 	0
  9     ;  	STI 	
 21  222;  	JMP 	L32:
 13    1; L30: 	DEC 	1
 25    1; L29: 	RET 	1
  0     ; L0: 	NOP 	
 12    1;  	INC 	1
 12    1;  	INC 	1
 24    4;  	JSR 	L1:
 19    0;  	LLA 	0
  9     ;  	STI 	
  0     ; L37: 	NOP 	
 12    1;  	INC 	1
 15    0;  	LDL 	0
 24  111;  	JSR 	L15:
  0     ; L38: 	NOP 	
 12    1;  	INC 	1
 15    0;  	LDL 	0
 24  213;  	JSR 	L28:
 13    1; L36: 	DEC 	1
 10     ; L35: 	HLT 	
